[EXCEPTION] Cannot access "self" when no class scope is active in C:\laragon\www\sistema-rag-estudos\src\Config\app.php:126
Stack trace:
#0 C:\laragon\www\sistema-rag-estudos\bootstrap.php(238): require()
#1 C:\laragon\www\sistema-rag-estudos\src\Database\Migration.php(411): require_once('C:\\laragon\\www\\...')
#2 {main}[EXCEPTION] Cannot access "self" when no class scope is active in C:\laragon\www\sistema-rag-estudos\src\Config\app.php:126
Stack trace:
#0 C:\laragon\www\sistema-rag-estudos\bootstrap.php(238): require()
#1 C:\laragon\www\sistema-rag-estudos\src\Database\Migration.php(411): require_once('C:\\laragon\\www\\...')
#2 {main}[EXCEPTION] Erro ao conectar com o banco de dados: SQLSTATE[HY000] [2002] Nenhuma conexão pôde ser feita porque a máquina de destino as recusou ativamente in C:\laragon\www\sistema-rag-estudos\src\Database\Connection.php:82
Stack trace:
#0 C:\laragon\www\sistema-rag-estudos\src\Database\Connection.php(24): App\Database\Connection->connect()
#1 C:\laragon\www\sistema-rag-estudos\src\Database\Connection.php(34): App\Database\Connection->__construct()
#2 C:\laragon\www\sistema-rag-estudos\src\Database\Migration.php(20): App\Database\Connection::getInstance()
#3 C:\laragon\www\sistema-rag-estudos\src\Database\Migration.php(413): App\Database\Migration->__construct()
#4 {main}[EXCEPTION] Class "App\Middleware\AuthMiddleware" not found in C:\laragon\www\sistema-rag-estudos\src\Controllers\SessionController.php:24
Stack trace:
#0 C:\laragon\www\sistema-rag-estudos\public\index.php(159): App\Controllers\SessionController->__construct()
#1 {main}[EXCEPTION] View não encontrada: errors.404 in C:\laragon\www\sistema-rag-estudos\src\Helpers\functions.php:512
Stack trace:
#0 C:\laragon\www\sistema-rag-estudos\public\index.php(175): view('errors.404', Array, NULL)
#1 {main}