[2026-01-08 13:49:51] [debug] Exec: CREATE TABLE IF NOT EXISTS migrations (
                id INT AUTO_INCREMENT PRIMARY KEY,
                migration VARCHAR(255) NOT NULL UNIQUE,
                batch INT NOT NULL,
                executed_at TIMESTAMP DEFAULT CURRENT_TIMESTAMP
            ) ENGINE=InnoDB DEFAULT CHARSET=utf8mb4 COLLATE=utf8mb4_unicode_ci
[2026-01-08 13:49:51] [debug] Query: SELECT migration, batch FROM migrations ORDER BY id ASC
[2026-01-08 14:09:27] [debug] Exec: CREATE TABLE IF NOT EXISTS migrations (
                id INT AUTO_INCREMENT PRIMARY KEY,
                migration VARCHAR(255) NOT NULL UNIQUE,
                batch INT NOT NULL,
                executed_at TIMESTAMP DEFAULT CURRENT_TIMESTAMP
            ) ENGINE=InnoDB DEFAULT CHARSET=utf8mb4 COLLATE=utf8mb4_unicode_ci
[2026-01-08 14:09:27] [debug] Query: SELECT migration, batch FROM migrations ORDER BY id ASC
[2026-01-08 14:10:02] [debug] Exec: CREATE TABLE IF NOT EXISTS migrations (
                id INT AUTO_INCREMENT PRIMARY KEY,
                migration VARCHAR(255) NOT NULL UNIQUE,
                batch INT NOT NULL,
                executed_at TIMESTAMP DEFAULT CURRENT_TIMESTAMP
            ) ENGINE=InnoDB DEFAULT CHARSET=utf8mb4 COLLATE=utf8mb4_unicode_ci
[2026-01-08 14:10:02] [debug] Query: SELECT MAX(batch) as max_batch FROM migrations
[2026-01-08 14:10:02] [debug] Query: SELECT migration, batch FROM migrations ORDER BY id ASC
[2026-01-08 14:10:02] [debug] Exec: 
            CREATE TABLE IF NOT EXISTS users (
                id INT AUTO_INCREMENT PRIMARY KEY,
                email VARCHAR(255) UNIQUE NOT NULL,
                password VARCHAR(255) NOT NULL,
                name VARCHAR(255) NOT NULL,
                is_admin BOOLEAN DEFAULT FALSE,
                active BOOLEAN DEFAULT FALSE,
                created_at TIMESTAMP DEFAULT CURRENT_TIMESTAMP,
                last_login TIMESTAMP NULL,
                activated_at TIMESTAMP NULL,
                activated_by INT NULL,
                INDEX idx_email (email),
                INDEX idx_active (active),
                FOREIGN KEY (activated_by) REFERENCES users(id) ON DELETE SET NULL
            ) ENGINE=InnoDB DEFAULT CHARSET=utf8mb4 COLLATE=utf8mb4_unicode_ci
        
[2026-01-08 14:10:03] [debug] Query: INSERT INTO migrations (migration, batch) VALUES (?, ?)
[2026-01-08 14:10:03] [debug] Exec: CREATE TABLE IF NOT EXISTS disciplines (
                id INT AUTO_INCREMENT PRIMARY KEY,
                name VARCHAR(255) NOT NULL,
                slug VARCHAR(255) UNIQUE NOT NULL,
                description TEXT,
                icon VARCHAR(50) DEFAULT '📚',
                color VARCHAR(20) DEFAULT 'indigo',
                is_active BOOLEAN DEFAULT TRUE,
                created_by INT,
                created_at TIMESTAMP DEFAULT CURRENT_TIMESTAMP,
                updated_at TIMESTAMP DEFAULT CURRENT_TIMESTAMP ON UPDATE CURRENT_TIMESTAMP,
                FOREIGN KEY (created_by) REFERENCES users(id) ON DELETE SET NULL,
                INDEX idx_slug (slug),
                INDEX idx_active (is_active)
            ) ENGINE=InnoDB DEFAULT CHARSET=utf8mb4 COLLATE=utf8mb4_unicode_ci
[2026-01-08 14:10:03] [debug] Exec: CREATE TABLE IF NOT EXISTS study_sessions (
                id INT AUTO_INCREMENT PRIMARY KEY,
                user_id INT NOT NULL,
                discipline_id INT NULL,
                pdf_name VARCHAR(500) NOT NULL,
                pdf_content LONGTEXT NOT NULL,
                core_topics JSON NOT NULL,
                created_at TIMESTAMP DEFAULT CURRENT_TIMESTAMP,
                updated_at TIMESTAMP DEFAULT CURRENT_TIMESTAMP ON UPDATE CURRENT_TIMESTAMP,
                FOREIGN KEY (user_id) REFERENCES users(id) ON DELETE CASCADE,
                FOREIGN KEY (discipline_id) REFERENCES disciplines(id) ON DELETE SET NULL,
                INDEX idx_user_id (user_id),
                INDEX idx_created_at (created_at)
            ) ENGINE=InnoDB DEFAULT CHARSET=utf8mb4 COLLATE=utf8mb4_unicode_ci
[2026-01-08 14:10:03] [debug] Exec: CREATE TABLE IF NOT EXISTS user_progress (
                id INT AUTO_INCREMENT PRIMARY KEY,
                session_id INT NOT NULL,
                user_id INT NOT NULL,
                correct_answers INT DEFAULT 0,
                total_answers INT DEFAULT 0,
                difficulty_level INT DEFAULT 1,
                weak_points JSON DEFAULT NULL,
                study_time_seconds INT DEFAULT 0,
                last_activity TIMESTAMP DEFAULT CURRENT_TIMESTAMP ON UPDATE CURRENT_TIMESTAMP,
                FOREIGN KEY (session_id) REFERENCES study_sessions(id) ON DELETE CASCADE,
                FOREIGN KEY (user_id) REFERENCES users(id) ON DELETE CASCADE,
                INDEX idx_session_user (session_id, user_id)
            ) ENGINE=InnoDB DEFAULT CHARSET=utf8mb4 COLLATE=utf8mb4_unicode_ci
[2026-01-08 14:10:03] [debug] Exec: CREATE TABLE IF NOT EXISTS questions (
                id INT AUTO_INCREMENT PRIMARY KEY,
                session_id INT NOT NULL,
                user_id INT NOT NULL,
                statement TEXT NOT NULL,
                correct_answer BOOLEAN NOT NULL,
                topic_id INT NOT NULL,
                explanation TEXT NOT NULL,
                key_concept VARCHAR(255) NOT NULL,
                difficulty INT NOT NULL,
                user_answer BOOLEAN NULL,
                answered_at TIMESTAMP NULL,
                response_time_seconds INT NULL,
                created_at TIMESTAMP DEFAULT CURRENT_TIMESTAMP,
                FOREIGN KEY (session_id) REFERENCES study_sessions(id) ON DELETE CASCADE,
                FOREIGN KEY (user_id) REFERENCES users(id) ON DELETE CASCADE,
                INDEX idx_session_user (session_id, user_id),
                INDEX idx_answered (answered_at)
            ) ENGINE=InnoDB DEFAULT CHARSET=utf8mb4 COLLATE=utf8mb4_unicode_ci
[2026-01-08 14:10:03] [debug] Exec: CREATE TABLE IF NOT EXISTS user_statistics (
                id INT AUTO_INCREMENT PRIMARY KEY,
                user_id INT NOT NULL,
                total_sessions INT DEFAULT 0,
                total_questions INT DEFAULT 0,
                total_correct INT DEFAULT 0,
                total_study_time_seconds INT DEFAULT 0,
                average_difficulty DECIMAL(3,2) DEFAULT 1.00,
                best_topics JSON DEFAULT NULL,
                worst_topics JSON DEFAULT NULL,
                last_updated TIMESTAMP DEFAULT CURRENT_TIMESTAMP ON UPDATE CURRENT_TIMESTAMP,
                FOREIGN KEY (user_id) REFERENCES users(id) ON DELETE CASCADE,
                UNIQUE KEY idx_user_id (user_id)
            ) ENGINE=InnoDB DEFAULT CHARSET=utf8mb4 COLLATE=utf8mb4_unicode_ci
[2026-01-08 14:10:03] [debug] Query: INSERT INTO migrations (migration, batch) VALUES (?, ?)
[2026-01-08 14:10:03] [debug] Exec: CREATE TABLE IF NOT EXISTS question_challenges (
                id INT AUTO_INCREMENT PRIMARY KEY,
                question_id INT NOT NULL,
                user_id INT NOT NULL,
                user_argument TEXT NOT NULL,
                ai_analysis TEXT NOT NULL,
                web_sources JSON DEFAULT NULL,
                challenge_result ENUM('accepted', 'rejected', 'pending') DEFAULT 'pending',
                original_answer BOOLEAN NOT NULL,
                suggested_answer BOOLEAN NULL,
                original_explanation TEXT NOT NULL,
                updated_explanation TEXT NULL,
                created_at TIMESTAMP DEFAULT CURRENT_TIMESTAMP,
                reviewed_at TIMESTAMP NULL,
                FOREIGN KEY (question_id) REFERENCES questions(id) ON DELETE CASCADE,
                FOREIGN KEY (user_id) REFERENCES users(id) ON DELETE CASCADE,
                INDEX idx_question_user (question_id, user_id),
                INDEX idx_result (challenge_result)
            ) ENGINE=InnoDB DEFAULT CHARSET=utf8mb4 COLLATE=utf8mb4_unicode_ci
[2026-01-08 14:10:03] [debug] Exec: CREATE TABLE IF NOT EXISTS agent_prompts (
                id INT AUTO_INCREMENT PRIMARY KEY,
                discipline_id INT NOT NULL,
                agent_type ENUM('analyzer', 'generator', 'challenger') NOT NULL,
                prompt_content TEXT NOT NULL,
                system_instructions TEXT,
                examples TEXT,
                is_active BOOLEAN DEFAULT TRUE,
                version INT DEFAULT 1,
                created_by INT,
                created_at TIMESTAMP DEFAULT CURRENT_TIMESTAMP,
                updated_at TIMESTAMP DEFAULT CURRENT_TIMESTAMP ON UPDATE CURRENT_TIMESTAMP,
                FOREIGN KEY (discipline_id) REFERENCES disciplines(id) ON DELETE CASCADE,
                FOREIGN KEY (created_by) REFERENCES users(id) ON DELETE SET NULL,
                UNIQUE KEY idx_discipline_agent (discipline_id, agent_type),
                INDEX idx_active (is_active)
            ) ENGINE=InnoDB DEFAULT CHARSET=utf8mb4 COLLATE=utf8mb4_unicode_ci
[2026-01-08 14:10:03] [debug] Query: INSERT INTO migrations (migration, batch) VALUES (?, ?)
[2026-01-08 14:10:03] [debug] Exec: INSERT INTO users (email, password, name, is_admin, active, activated_at) 
         SELECT 'dhelly@gmail.com', '$2y$12$QAU5QSaQiyU1bqpNwizWr.YV5U2zUNYa9PWiZm7AQ.QVNgdU/RxSm', 'Administrador', 1, 1, NOW()
         WHERE NOT EXISTS (SELECT 1 FROM users WHERE email = 'dhelly@gmail.com')
[2026-01-08 14:10:03] [debug] Exec: INSERT INTO disciplines (name, slug, description, icon, color, is_active) 
         SELECT 'Geral / Genérico', 'geral', 'Prompts genéricos para qualquer disciplina', '📚', 'indigo', 1
         WHERE NOT EXISTS (SELECT 1 FROM disciplines WHERE slug = 'geral')
[2026-01-08 14:10:03] [debug] Query: INSERT INTO migrations (migration, batch) VALUES (?, ?)
[2026-01-08 14:10:28] [debug] Exec: CREATE TABLE IF NOT EXISTS migrations (
                id INT AUTO_INCREMENT PRIMARY KEY,
                migration VARCHAR(255) NOT NULL UNIQUE,
                batch INT NOT NULL,
                executed_at TIMESTAMP DEFAULT CURRENT_TIMESTAMP
            ) ENGINE=InnoDB DEFAULT CHARSET=utf8mb4 COLLATE=utf8mb4_unicode_ci
[2026-01-08 14:10:28] [debug] Query: SELECT migration, batch FROM migrations ORDER BY id ASC
